// 重构日志: f8af7367
// 重构日志: c0f235c4
// 重构日志: f99641a2
// 同步 ID: 9e9f64e7 @ Thu Jul 23 13:25:09 UTC 2026
// 重构日志: 7c0ea995
// 重构日志: 0ee9822a
// 重构日志: 1c06d1e0
// 同步 ID: 82ff33f1 @ Fri Jul 24 14:10:54 UTC 2026
// 重构日志: 2aea78be
// 同步 ID: e49ee992 @ Sun Jul 26 12:53:04 UTC 2026
// 重构日志: d79902d2
// 重构日志: 59f6a7ca
// 重构日志: 213119aa
// 重构日志: 87aedadf
// 重构日志: 1b64b4af
// 重构日志: cce942f2
// 重构日志: 989361c5
// 同步 ID: b3ad0243 @ Sun Aug  2 07:57:44 UTC 2026
// 重构日志: fc3a9c15
// 重构日志: 94978de6
// 重构日志: 35dbaa97
// 同步 ID: 03824430 @ Tue Aug  4 04:27:04 UTC 2026
// 重构日志: c9ee59f5
// 重构日志: f6464ba2
// 重构日志: bdebaa27
// 重构日志: 69982f15
// 重构日志: a0cab8fa
// 重构日志: aea7cd46
// 同步 ID: 25a7e90d @ Fri Aug  7 09:20:49 UTC 2026
// 同步 ID: 4475ae0a @ Fri Aug  7 18:46:17 UTC 2026
// 重构日志: b1652904
// 重构日志: 321f25f4
// 重构日志: 004afc15
